22:38:58 **** Incremental Build of configuration Debug for project HelloWorld ****
make all 
make: `all' için hiçbir þey yapýlmadý.
22:39:11 **** Incremental Build of configuration Debug for project HelloWorld ****
make all 
make: `all' için hiçbir þey yapýlmadý.
22:39:19 **** Auto Build of configuration Debug for project HelloWorld ****
make all 
'Building file: ../src/helloworld.c'
'Invoking: ARM gcc compiler'
arm-xilinx-eabi-gcc -Wall -O0 -g3 -c -fmessage-length=0 -MT"src/helloworld.o" -I../../standalone_bsp_0/ps7_cortexa9_0/include -MMD -MP -MF"src/helloworld.d" -MT"src/helloworld.d" -o "src/helloworld.o" "../src/helloworld.c"
../src/helloworld.c: In function 'main':
../src/helloworld.c:58:5: error: too many arguments to function 'print'
     print("%d Hello Wold\n\r", i);
     ^
../src/helloworld.c:51:6: note: declared here
 void print(char *str);
      ^
make: *** [src/helloworld.o] Hata 1
22:39:31 **** Incremental Build of configuration Debug for project HelloWorld ****
make all 
'Building file: ../src/helloworld.c'
'Invoking: ARM gcc compiler'
arm-xilinx-eabi-gcc -Wall -O0 -g3 -c -fmessage-length=0 -MT"src/helloworld.o" -I../../standalone_bsp_0/ps7_cortexa9_0/include -MMD -MP -MF"src/helloworld.d" -MT"src/helloworld.d" -o "src/helloworld.o" "../src/helloworld.c"
../src/helloworld.c: In function 'main':
../src/helloworld.c:58:5: error: too many arguments to function 'print'
     print("%d Hello Wold\n\r", i);
     ^
../src/helloworld.c:51:6: note: declared here
 void print(char *str);
      ^
make: *** [src/helloworld.o] Hata 1
22:39:39 **** Auto Build of configuration Debug for project HelloWorld ****
make all 
'Building file: ../src/helloworld.c'
'Invoking: ARM gcc compiler'
arm-xilinx-eabi-gcc -Wall -O0 -g3 -c -fmessage-length=0 -MT"src/helloworld.o" -I../../standalone_bsp_0/ps7_cortexa9_0/include -MMD -MP -MF"src/helloworld.d" -MT"src/helloworld.d" -o "src/helloworld.o" "../src/helloworld.c"
../src/helloworld.c: In function 'main':
../src/helloworld.c:58:5: error: too many arguments to function 'print'
     print("%d Hello Wold\n\r",i);
     ^
../src/helloworld.c:51:6: note: declared here
 void print(char *str);
      ^
make: *** [src/helloworld.o] Hata 1
22:40:02 **** Auto Build of configuration Debug for project HelloWorld ****
make all 
'Building file: ../src/helloworld.c'
'Invoking: ARM gcc compiler'
arm-xilinx-eabi-gcc -Wall -O0 -g3 -c -fmessage-length=0 -MT"src/helloworld.o" -I../../standalone_bsp_0/ps7_cortexa9_0/include -MMD -MP -MF"src/helloworld.d" -MT"src/helloworld.d" -o "src/helloworld.o" "../src/helloworld.c"
../src/helloworld.c: In function 'main':
../src/helloworld.c:56:9: warning: unused variable 'i' [-Wunused-variable]
     int i;
         ^
'Finished building: ../src/helloworld.c'
' '
'Building target: HelloWorld.elf'
'Invoking: ARM gcc linker'
arm-xilinx-eabi-gcc -Wl,-T -Wl,../src/lscript.ld -L../../standalone_bsp_0/ps7_cortexa9_0/lib -o "HelloWorld.elf"  ./src/helloworld.o ./src/platform.o   -Wl,--start-group,-lxil,-lgcc,-lc,--end-group
'Finished building target: HelloWorld.elf'
' '
'Invoking: ARM Print Size'
arm-xilinx-eabi-size HelloWorld.elf  |tee "HelloWorld.elf.size"
   text	   data	    bss	    dec	    hex	filename
  22888	   1152	  22564	  46604	   b60c	HelloWorld.elf
'Finished building: HelloWorld.elf.size'
' '
22:40:10 **** Incremental Build of configuration Debug for project HelloWorld ****
make all 
make: `all' için hiçbir þey yapýlmadý.
22:40:28 **** Incremental Build of configuration Debug for project HelloWorld ****
make all 
make: `all' için hiçbir þey yapýlmadý.
22:40:32 **** Auto Build of configuration Debug for project HelloWorld ****
make all 
'Building file: ../src/helloworld.c'
'Invoking: ARM gcc compiler'
arm-xilinx-eabi-gcc -Wall -O0 -g3 -c -fmessage-length=0 -MT"src/helloworld.o" -I../../standalone_bsp_0/ps7_cortexa9_0/include -MMD -MP -MF"src/helloworld.d" -MT"src/helloworld.d" -o "src/helloworld.o" "../src/helloworld.c"
../src/helloworld.c: In function 'main':
../src/helloworld.c:57:5: error: too many arguments to function 'print'
     print("%d Hello World\n\r",i);
     ^
../src/helloworld.c:51:6: note: declared here
 void print(char *str);
      ^
make: *** [src/helloworld.o] Hata 1
22:40:47 **** Incremental Build of configuration Debug for project HelloWorld ****
make all 
'Building file: ../src/helloworld.c'
'Invoking: ARM gcc compiler'
arm-xilinx-eabi-gcc -Wall -O0 -g3 -c -fmessage-length=0 -MT"src/helloworld.o" -I../../standalone_bsp_0/ps7_cortexa9_0/include -MMD -MP -MF"src/helloworld.d" -MT"src/helloworld.d" -o "src/helloworld.o" "../src/helloworld.c"
../src/helloworld.c: In function 'main':
../src/helloworld.c:57:5: error: too many arguments to function 'print'
     print("%d Hello World\n\r",i);
     ^
../src/helloworld.c:51:6: note: declared here
 void print(char *str);
      ^
make: *** [src/helloworld.o] Hata 1
22:40:51 **** Auto Build of configuration Debug for project HelloWorld ****
make all 
'Building file: ../src/helloworld.c'
'Invoking: ARM gcc compiler'
arm-xilinx-eabi-gcc -Wall -O0 -g3 -c -fmessage-length=0 -MT"src/helloworld.o" -I../../standalone_bsp_0/ps7_cortexa9_0/include -MMD -MP -MF"src/helloworld.d" -MT"src/helloworld.d" -o "src/helloworld.o" "../src/helloworld.c"
../src/helloworld.c: In function 'main':
../src/helloworld.c:57:31: error: expected ')' before 'i'
     print("%d Hello World\n\r"i);
                               ^
../src/helloworld.c:56:9: warning: unused variable 'i' [-Wunused-variable]
     int i;
         ^
make: *** [src/helloworld.o] Hata 1
22:41:31 **** Auto Build of configuration Debug for project HelloWorld ****
make all 
'Building file: ../src/helloworld.c'
'Invoking: ARM gcc compiler'
arm-xilinx-eabi-gcc -Wall -O0 -g3 -c -fmessage-length=0 -MT"src/helloworld.o" -I../../standalone_bsp_0/ps7_cortexa9_0/include -MMD -MP -MF"src/helloworld.d" -MT"src/helloworld.d" -o "src/helloworld.o" "../src/helloworld.c"
'Finished building: ../src/helloworld.c'
' '
'Building target: HelloWorld.elf'
'Invoking: ARM gcc linker'
arm-xilinx-eabi-gcc -Wl,-T -Wl,../src/lscript.ld -L../../standalone_bsp_0/ps7_cortexa9_0/lib -o "HelloWorld.elf"  ./src/helloworld.o ./src/platform.o   -Wl,--start-group,-lxil,-lgcc,-lc,--end-group
'Finished building target: HelloWorld.elf'
' '
'Invoking: ARM Print Size'
arm-xilinx-eabi-size HelloWorld.elf  |tee "HelloWorld.elf.size"
   text	   data	    bss	    dec	    hex	filename
  60788	   2320	  22636	  85744	  14ef0	HelloWorld.elf
'Finished building: HelloWorld.elf.size'
' '
22:41:35 **** Incremental Build of configuration Debug for project HelloWorld ****
make all 
make: `all' için hiçbir þey yapýlmadý.
22:42:50 **** Auto Build of configuration Debug for project HelloWorld ****
make all 
'Building file: ../src/helloworld.c'
'Invoking: ARM gcc compiler'
arm-xilinx-eabi-gcc -Wall -O0 -g3 -c -fmessage-length=0 -MT"src/helloworld.o" -I../../standalone_bsp_0/ps7_cortexa9_0/include -MMD -MP -MF"src/helloworld.d" -MT"src/helloworld.d" -o "src/helloworld.o" "../src/helloworld.c"
../src/helloworld.c: In function 'main':
../src/helloworld.c:60:5: warning: implicit declaration of function 'delay' [-Wimplicit-function-declaration]
     delay(100);
     ^
'Finished building: ../src/helloworld.c'
' '
'Building target: HelloWorld.elf'
'Invoking: ARM gcc linker'
arm-xilinx-eabi-gcc -Wl,-T -Wl,../src/lscript.ld -L../../standalone_bsp_0/ps7_cortexa9_0/lib -o "HelloWorld.elf"  ./src/helloworld.o ./src/platform.o   -Wl,--start-group,-lxil,-lgcc,-lc,--end-group
./src/helloworld.o: In function `main':
C:\Users\emink\Desktop\ekose\LED_controller\LED_controller.sdk\HelloWorld\Debug/../src/helloworld.c:60: undefined reference to `delay'
collect2.exe: error: ld returned 1 exit status
make: *** [HelloWorld.elf] Hata 1
22:43:27 **** Auto Build of configuration Debug for project HelloWorld ****
make all 
'Building file: ../src/helloworld.c'
'Invoking: ARM gcc compiler'
arm-xilinx-eabi-gcc -Wall -O0 -g3 -c -fmessage-length=0 -MT"src/helloworld.o" -I../../standalone_bsp_0/ps7_cortexa9_0/include -MMD -MP -MF"src/helloworld.d" -MT"src/helloworld.d" -o "src/helloworld.o" "../src/helloworld.c"
../src/helloworld.c: In function 'main':
../src/helloworld.c:61:5: warning: implicit declaration of function 'delay' [-Wimplicit-function-declaration]
     delay(100);
     ^
'Finished building: ../src/helloworld.c'
' '
'Building target: HelloWorld.elf'
'Invoking: ARM gcc linker'
arm-xilinx-eabi-gcc -Wl,-T -Wl,../src/lscript.ld -L../../standalone_bsp_0/ps7_cortexa9_0/lib -o "HelloWorld.elf"  ./src/helloworld.o ./src/platform.o   -Wl,--start-group,-lxil,-lgcc,-lc,--end-group
./src/helloworld.o: In function `main':
C:\Users\emink\Desktop\ekose\LED_controller\LED_controller.sdk\HelloWorld\Debug/../src/helloworld.c:61: undefined reference to `delay'
collect2.exe: error: ld returned 1 exit status
make: *** [HelloWorld.elf] Hata 1
22:43:39 **** Auto Build of configuration Debug for project HelloWorld ****
make all 
'Building file: ../src/helloworld.c'
'Invoking: ARM gcc compiler'
arm-xilinx-eabi-gcc -Wall -O0 -g3 -c -fmessage-length=0 -MT"src/helloworld.o" -I../../standalone_bsp_0/ps7_cortexa9_0/include -MMD -MP -MF"src/helloworld.d" -MT"src/helloworld.d" -o "src/helloworld.o" "../src/helloworld.c"
'Finished building: ../src/helloworld.c'
' '
'Building target: HelloWorld.elf'
'Invoking: ARM gcc linker'
arm-xilinx-eabi-gcc -Wl,-T -Wl,../src/lscript.ld -L../../standalone_bsp_0/ps7_cortexa9_0/lib -o "HelloWorld.elf"  ./src/helloworld.o ./src/platform.o   -Wl,--start-group,-lxil,-lgcc,-lc,--end-group
'Finished building target: HelloWorld.elf'
' '
'Invoking: ARM Print Size'
arm-xilinx-eabi-size HelloWorld.elf  |tee "HelloWorld.elf.size"
   text	   data	    bss	    dec	    hex	filename
  60788	   2320	  22636	  85744	  14ef0	HelloWorld.elf
'Finished building: HelloWorld.elf.size'
' '
22:44:14 **** Incremental Build of configuration Debug for project HelloWorld ****
make all 
make: `all' için hiçbir þey yapýlmadý.
22:44:40 **** Auto Build of configuration Debug for project HelloWorld ****
make all 
'Building file: ../src/helloworld.c'
'Invoking: ARM gcc compiler'
arm-xilinx-eabi-gcc -Wall -O0 -g3 -c -fmessage-length=0 -MT"src/helloworld.o" -I../../standalone_bsp_0/ps7_cortexa9_0/include -MMD -MP -MF"src/helloworld.d" -MT"src/helloworld.d" -o "src/helloworld.o" "../src/helloworld.c"
'Finished building: ../src/helloworld.c'
' '
'Building target: HelloWorld.elf'
'Invoking: ARM gcc linker'
arm-xilinx-eabi-gcc -Wl,-T -Wl,../src/lscript.ld -L../../standalone_bsp_0/ps7_cortexa9_0/lib -o "HelloWorld.elf"  ./src/helloworld.o ./src/platform.o   -Wl,--start-group,-lxil,-lgcc,-lc,--end-group
'Finished building target: HelloWorld.elf'
' '
'Invoking: ARM Print Size'
arm-xilinx-eabi-size HelloWorld.elf  |tee "HelloWorld.elf.size"
   text	   data	    bss	    dec	    hex	filename
  60796	   2320	  22636	  85752	  14ef8	HelloWorld.elf
'Finished building: HelloWorld.elf.size'
' '
22:44:43 **** Incremental Build of configuration Debug for project HelloWorld ****
make all 
make: `all' için hiçbir þey yapýlmadý.
22:45:15 **** Incremental Build of configuration Debug for project HelloWorld ****
make all 
make: `all' için hiçbir þey yapýlmadý.
22:45:32 **** Incremental Build of configuration Debug for project HelloWorld ****
make all 
make: `all' için hiçbir þey yapýlmadý.
22:45:58 **** Incremental Build of configuration Debug for project HelloWorld ****
make all 
make: `all' için hiçbir þey yapýlmadý.
22:46:01 **** Auto Build of configuration Debug for project HelloWorld ****
make all 
'Building file: ../src/helloworld.c'
'Invoking: ARM gcc compiler'
arm-xilinx-eabi-gcc -Wall -O0 -g3 -c -fmessage-length=0 -MT"src/helloworld.o" -I../../standalone_bsp_0/ps7_cortexa9_0/include -MMD -MP -MF"src/helloworld.d" -MT"src/helloworld.d" -o "src/helloworld.o" "../src/helloworld.c"
../src/helloworld.c: In function 'main':
../src/helloworld.c:63:5: error: 'clear' undeclared (first use in this function)
     clear;
     ^
../src/helloworld.c:63:5: note: each undeclared identifier is reported only once for each function it appears in
make: *** [src/helloworld.o] Hata 1
22:46:10 **** Incremental Build of configuration Debug for project HelloWorld ****
make all 
'Building file: ../src/helloworld.c'
'Invoking: ARM gcc compiler'
arm-xilinx-eabi-gcc -Wall -O0 -g3 -c -fmessage-length=0 -MT"src/helloworld.o" -I../../standalone_bsp_0/ps7_cortexa9_0/include -MMD -MP -MF"src/helloworld.d" -MT"src/helloworld.d" -o "src/helloworld.o" "../src/helloworld.c"
../src/helloworld.c: In function 'main':
../src/helloworld.c:63:5: error: 'clear' undeclared (first use in this function)
     clear;
     ^
../src/helloworld.c:63:5: note: each undeclared identifier is reported only once for each function it appears in
make: *** [src/helloworld.o] Hata 1
22:46:18 **** Auto Build of configuration Debug for project HelloWorld ****
make all 
'Building file: ../src/helloworld.c'
'Invoking: ARM gcc compiler'
arm-xilinx-eabi-gcc -Wall -O0 -g3 -c -fmessage-length=0 -MT"src/helloworld.o" -I../../standalone_bsp_0/ps7_cortexa9_0/include -MMD -MP -MF"src/helloworld.d" -MT"src/helloworld.d" -o "src/helloworld.o" "../src/helloworld.c"
../src/helloworld.c: In function 'main':
../src/helloworld.c:63:5: warning: implicit declaration of function 'clear' [-Wimplicit-function-declaration]
     clear();
     ^
'Finished building: ../src/helloworld.c'
' '
'Building target: HelloWorld.elf'
'Invoking: ARM gcc linker'
arm-xilinx-eabi-gcc -Wl,-T -Wl,../src/lscript.ld -L../../standalone_bsp_0/ps7_cortexa9_0/lib -o "HelloWorld.elf"  ./src/helloworld.o ./src/platform.o   -Wl,--start-group,-lxil,-lgcc,-lc,--end-group
./src/helloworld.o: In function `main':
C:\Users\emink\Desktop\ekose\LED_controller\LED_controller.sdk\HelloWorld\Debug/../src/helloworld.c:63: undefined reference to `clear'
collect2.exe: error: ld returned 1 exit status
make: *** [HelloWorld.elf] Hata 1
22:46:33 **** Auto Build of configuration Debug for project HelloWorld ****
make all 
'Building file: ../src/helloworld.c'
'Invoking: ARM gcc compiler'
arm-xilinx-eabi-gcc -Wall -O0 -g3 -c -fmessage-length=0 -MT"src/helloworld.o" -I../../standalone_bsp_0/ps7_cortexa9_0/include -MMD -MP -MF"src/helloworld.d" -MT"src/helloworld.d" -o "src/helloworld.o" "../src/helloworld.c"
../src/helloworld.c: In function 'main':
../src/helloworld.c:63:5: warning: implicit declaration of function 'clear_platform' [-Wimplicit-function-declaration]
     clear_platform();
     ^
'Finished building: ../src/helloworld.c'
' '
'Building target: HelloWorld.elf'
'Invoking: ARM gcc linker'
arm-xilinx-eabi-gcc -Wl,-T -Wl,../src/lscript.ld -L../../standalone_bsp_0/ps7_cortexa9_0/lib -o "HelloWorld.elf"  ./src/helloworld.o ./src/platform.o   -Wl,--start-group,-lxil,-lgcc,-lc,--end-group
./src/helloworld.o: In function `main':
C:\Users\emink\Desktop\ekose\LED_controller\LED_controller.sdk\HelloWorld\Debug/../src/helloworld.c:63: undefined reference to `clear_platform'
collect2.exe: error: ld returned 1 exit status
make: *** [HelloWorld.elf] Hata 1
22:46:55 **** Auto Build of configuration Debug for project HelloWorld ****
make all 
'Building file: ../src/helloworld.c'
'Invoking: ARM gcc compiler'
arm-xilinx-eabi-gcc -Wall -O0 -g3 -c -fmessage-length=0 -MT"src/helloworld.o" -I../../standalone_bsp_0/ps7_cortexa9_0/include -MMD -MP -MF"src/helloworld.d" -MT"src/helloworld.d" -o "src/helloworld.o" "../src/helloworld.c"
../src/helloworld.c: In function 'main':
../src/helloworld.c:63:5: warning: zero-length gnu_printf format string [-Wformat-zero-length]
     printf("");
     ^
../src/helloworld.c:63:5: warning: zero-length gnu_printf format string [-Wformat-zero-length]
'Finished building: ../src/helloworld.c'
' '
'Building target: HelloWorld.elf'
'Invoking: ARM gcc linker'
arm-xilinx-eabi-gcc -Wl,-T -Wl,../src/lscript.ld -L../../standalone_bsp_0/ps7_cortexa9_0/lib -o "HelloWorld.elf"  ./src/helloworld.o ./src/platform.o   -Wl,--start-group,-lxil,-lgcc,-lc,--end-group
'Finished building target: HelloWorld.elf'
' '
'Invoking: ARM Print Size'
arm-xilinx-eabi-size HelloWorld.elf  |tee "HelloWorld.elf.size"
   text	   data	    bss	    dec	    hex	filename
  60796	   2320	  22636	  85752	  14ef8	HelloWorld.elf
'Finished building: HelloWorld.elf.size'
' '
22:47:00 **** Incremental Build of configuration Debug for project HelloWorld ****
make all 
make: `all' için hiçbir þey yapýlmadý.
22:47:08 **** Auto Build of configuration Debug for project HelloWorld ****
make all 
'Building file: ../src/helloworld.c'
'Invoking: ARM gcc compiler'
arm-xilinx-eabi-gcc -Wall -O0 -g3 -c -fmessage-length=0 -MT"src/helloworld.o" -I../../standalone_bsp_0/ps7_cortexa9_0/include -MMD -MP -MF"src/helloworld.d" -MT"src/helloworld.d" -o "src/helloworld.o" "../src/helloworld.c"
'Finished building: ../src/helloworld.c'
' '
'Building target: HelloWorld.elf'
'Invoking: ARM gcc linker'
arm-xilinx-eabi-gcc -Wl,-T -Wl,../src/lscript.ld -L../../standalone_bsp_0/ps7_cortexa9_0/lib -o "HelloWorld.elf"  ./src/helloworld.o ./src/platform.o   -Wl,--start-group,-lxil,-lgcc,-lc,--end-group
'Finished building target: HelloWorld.elf'
' '
'Invoking: ARM Print Size'
arm-xilinx-eabi-size HelloWorld.elf  |tee "HelloWorld.elf.size"
   text	   data	    bss	    dec	    hex	filename
  61180	   2320	  22636	  86136	  15078	HelloWorld.elf
'Finished building: HelloWorld.elf.size'
' '
22:47:10 **** Incremental Build of configuration Debug for project HelloWorld ****
make all 
make: `all' için hiçbir þey yapýlmadý.
22:47:43 **** Incremental Build of configuration Debug for project HelloWorld ****
make all 
make: `all' için hiçbir þey yapýlmadý.
22:47:46 **** Auto Build of configuration Debug for project HelloWorld ****
make all 
'Building file: ../src/helloworld.c'
'Invoking: ARM gcc compiler'
arm-xilinx-eabi-gcc -Wall -O0 -g3 -c -fmessage-length=0 -MT"src/helloworld.o" -I../../standalone_bsp_0/ps7_cortexa9_0/include -MMD -MP -MF"src/helloworld.d" -MT"src/helloworld.d" -o "src/helloworld.o" "../src/helloworld.c"
'Finished building: ../src/helloworld.c'
' '
'Building target: HelloWorld.elf'
'Invoking: ARM gcc linker'
arm-xilinx-eabi-gcc -Wl,-T -Wl,../src/lscript.ld -L../../standalone_bsp_0/ps7_cortexa9_0/lib -o "HelloWorld.elf"  ./src/helloworld.o ./src/platform.o   -Wl,--start-group,-lxil,-lgcc,-lc,--end-group
'Finished building target: HelloWorld.elf'
' '
'Invoking: ARM Print Size'
arm-xilinx-eabi-size HelloWorld.elf  |tee "HelloWorld.elf.size"
   text	   data	    bss	    dec	    hex	filename
  60868	   2320	  22636	  85824	  14f40	HelloWorld.elf
'Finished building: HelloWorld.elf.size'
' '
22:47:48 **** Incremental Build of configuration Debug for project HelloWorld ****
make all 
make: `all' için hiçbir þey yapýlmadý.
22:48:04 **** Incremental Build of configuration Debug for project HelloWorld ****
make all 
make: `all' için hiçbir þey yapýlmadý.
22:48:07 **** Auto Build of configuration Debug for project HelloWorld ****
make all 
'Building file: ../src/helloworld.c'
'Invoking: ARM gcc compiler'
arm-xilinx-eabi-gcc -Wall -O0 -g3 -c -fmessage-length=0 -MT"src/helloworld.o" -I../../standalone_bsp_0/ps7_cortexa9_0/include -MMD -MP -MF"src/helloworld.d" -MT"src/helloworld.d" -o "src/helloworld.o" "../src/helloworld.c"
'Finished building: ../src/helloworld.c'
' '
'Building target: HelloWorld.elf'
'Invoking: ARM gcc linker'
arm-xilinx-eabi-gcc -Wl,-T -Wl,../src/lscript.ld -L../../standalone_bsp_0/ps7_cortexa9_0/lib -o "HelloWorld.elf"  ./src/helloworld.o ./src/platform.o   -Wl,--start-group,-lxil,-lgcc,-lc,--end-group
'Finished building target: HelloWorld.elf'
' '
'Invoking: ARM Print Size'
arm-xilinx-eabi-size HelloWorld.elf  |tee "HelloWorld.elf.size"
   text	   data	    bss	    dec	    hex	filename
  60876	   2320	  22636	  85832	  14f48	HelloWorld.elf
'Finished building: HelloWorld.elf.size'
' '
22:48:10 **** Incremental Build of configuration Debug for project HelloWorld ****
make all 
make: `all' için hiçbir þey yapýlmadý.
22:48:17 **** Incremental Build of configuration Debug for project HelloWorld ****
make all 
make: `all' için hiçbir þey yapýlmadý.
22:48:21 **** Incremental Build of configuration Debug for project HelloWorld ****
make all 
make: `all' için hiçbir þey yapýlmadý.
22:48:26 **** Incremental Build of configuration Debug for project HelloWorld ****
make all 
make: `all' için hiçbir þey yapýlmadý.
22:48:31 **** Incremental Build of configuration Debug for project HelloWorld ****
make all 
make: `all' için hiçbir þey yapýlmadý.
21:49:19 **** Incremental Build of configuration Debug for project HelloWorld ****
make all 
make: `all' için hiçbir þey yapýlmadý.
21:49:51 **** Incremental Build of configuration Debug for project HelloWorld ****
make all 
make: `all' için hiçbir þey yapýlmadý.
21:50:32 **** Auto Build of configuration Debug for project HelloWorld ****
make all 
'Building file: ../src/helloworld.c'
'Invoking: ARM gcc compiler'
arm-xilinx-eabi-gcc -Wall -O0 -g3 -c -fmessage-length=0 -MT"src/helloworld.o" -I../../standalone_bsp_0/ps7_cortexa9_0/include -MMD -MP -MF"src/helloworld.d" -MT"src/helloworld.d" -o "src/helloworld.o" "../src/helloworld.c"
'Finished building: ../src/helloworld.c'
' '
'Building target: HelloWorld.elf'
'Invoking: ARM gcc linker'
arm-xilinx-eabi-gcc -Wl,-T -Wl,../src/lscript.ld -L../../standalone_bsp_0/ps7_cortexa9_0/lib -o "HelloWorld.elf"  ./src/helloworld.o ./src/platform.o   -Wl,--start-group,-lxil,-lgcc,-lc,--end-group
'Finished building target: HelloWorld.elf'
' '
'Invoking: ARM Print Size'
arm-xilinx-eabi-size HelloWorld.elf  |tee "HelloWorld.elf.size"
   text	   data	    bss	    dec	    hex	filename
  60796	   2320	  22636	  85752	  14ef8	HelloWorld.elf
'Finished building: HelloWorld.elf.size'
' '
21:50:40 **** Incremental Build of configuration Debug for project HelloWorld ****
make all 
make: `all' için hiçbir þey yapýlmadý.
21:51:13 **** Auto Build of configuration Debug for project HelloWorld ****
make all 
'Building file: ../src/helloworld.c'
'Invoking: ARM gcc compiler'
arm-xilinx-eabi-gcc -Wall -O0 -g3 -c -fmessage-length=0 -MT"src/helloworld.o" -I../../standalone_bsp_0/ps7_cortexa9_0/include -MMD -MP -MF"src/helloworld.d" -MT"src/helloworld.d" -o "src/helloworld.o" "../src/helloworld.c"
../src/helloworld.c: In function 'main':
../src/helloworld.c:58:32: error: 'i' undeclared (first use in this function)
     printf(" %d Sellaaaam\n\r",i);
                                ^
../src/helloworld.c:58:32: note: each undeclared identifier is reported only once for each function it appears in
make: *** [src/helloworld.o] Hata 1
21:51:23 **** Auto Build of configuration Debug for project HelloWorld ****
make all 
'Building file: ../src/helloworld.c'
'Invoking: ARM gcc compiler'
arm-xilinx-eabi-gcc -Wall -O0 -g3 -c -fmessage-length=0 -MT"src/helloworld.o" -I../../standalone_bsp_0/ps7_cortexa9_0/include -MMD -MP -MF"src/helloworld.d" -MT"src/helloworld.d" -o "src/helloworld.o" "../src/helloworld.c"
../src/helloworld.c: In function 'main':
../src/helloworld.c:58:5: warning: format '%d' expects a matching 'int' argument [-Wformat=]
     printf(" %d Sellaaaam\n\r");
     ^
../src/helloworld.c:58:5: warning: format '%d' expects a matching 'int' argument [-Wformat=]
'Finished building: ../src/helloworld.c'
' '
'Building target: HelloWorld.elf'
'Invoking: ARM gcc linker'
arm-xilinx-eabi-gcc -Wl,-T -Wl,../src/lscript.ld -L../../standalone_bsp_0/ps7_cortexa9_0/lib -o "HelloWorld.elf"  ./src/helloworld.o ./src/platform.o   -Wl,--start-group,-lxil,-lgcc,-lc,--end-group
'Finished building target: HelloWorld.elf'
' '
'Invoking: ARM Print Size'
arm-xilinx-eabi-size HelloWorld.elf  |tee "HelloWorld.elf.size"
   text	   data	    bss	    dec	    hex	filename
  60724	   2320	  22636	  85680	  14eb0	HelloWorld.elf
'Finished building: HelloWorld.elf.size'
' '
21:51:25 **** Incremental Build of configuration Debug for project HelloWorld ****
make all 
make: `all' için hiçbir þey yapýlmadý.
21:51:54 **** Incremental Build of configuration Debug for project HelloWorld ****
make all 
make: `all' için hiçbir þey yapýlmadý.
21:52:10 **** Auto Build of configuration Debug for project HelloWorld ****
make all 
'Building file: ../src/helloworld.c'
'Invoking: ARM gcc compiler'
arm-xilinx-eabi-gcc -Wall -O0 -g3 -c -fmessage-length=0 -MT"src/helloworld.o" -I../../standalone_bsp_0/ps7_cortexa9_0/include -MMD -MP -MF"src/helloworld.d" -MT"src/helloworld.d" -o "src/helloworld.o" "../src/helloworld.c"
'Finished building: ../src/helloworld.c'
' '
'Building target: HelloWorld.elf'
'Invoking: ARM gcc linker'
arm-xilinx-eabi-gcc -Wl,-T -Wl,../src/lscript.ld -L../../standalone_bsp_0/ps7_cortexa9_0/lib -o "HelloWorld.elf"  ./src/helloworld.o ./src/platform.o   -Wl,--start-group,-lxil,-lgcc,-lc,--end-group
'Finished building target: HelloWorld.elf'
' '
'Invoking: ARM Print Size'
arm-xilinx-eabi-size HelloWorld.elf  |tee "HelloWorld.elf.size"
   text	   data	    bss	    dec	    hex	filename
  60716	   2320	  22636	  85672	  14ea8	HelloWorld.elf
'Finished building: HelloWorld.elf.size'
' '
21:52:20 **** Incremental Build of configuration Debug for project HelloWorld ****
make all 
make: `all' için hiçbir þey yapýlmadý.
21:52:35 **** Incremental Build of configuration Debug for project HelloWorld ****
make all 
make: `all' için hiçbir þey yapýlmadý.
21:58:57 **** Incremental Build of configuration Debug for project HelloWorld ****
make all 
make: `all' için hiçbir þey yapýlmadý.
22:54:10 **** Incremental Build of configuration Debug for project HelloWorld ****
make all 
make: `all' için hiçbir þey yapýlmadý.
23:10:17 **** Incremental Build of configuration Debug for project HelloWorld ****
make all 
make: `all' için hiçbir þey yapýlmadý.
23:10:46 **** Incremental Build of configuration Debug for project HelloWorld ****
make all 
make: `all' için hiçbir þey yapýlmadý.
